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
Myroslav@HOME-PC MINGW64 /d/modul-git (master)
$ ls
first-file.txt

Myroslav@HOME-PC MINGW64 /d/modul-git (master)
$ ls -a
./  ../  .git/  first-file.txt

Myroslav@HOME-PC MINGW64 /d/modul-git (master)
$ touch foo.txt

Myroslav@HOME-PC MINGW64 /d/modul-git (master)
$ ls
first-file.txt  foo.txt

Myroslav@HOME-PC MINGW64 /d/modul-git (master)
$ mkdir bar

Myroslav@HOME-PC MINGW64 /d/modul-git (master)
$ ls -a
./  ../  .git/  bar/  first-file.txt  foo.txt

Myroslav@HOME-PC MINGW64 /d/modul-git (master)
$ cd bar

Myroslav@HOME-PC MINGW64 /d/modul-git/bar (master)
$ touch foo.txt

Myroslav@HOME-PC MINGW64 /d/modul-git/bar (master)
$ ls -a
./  ../  foo.txt

Myroslav@HOME-PC MINGW64 /d/modul-git/bar (master)
$ cp foo.txt bar.txt

Myroslav@HOME-PC MINGW64 /d/modul-git/bar (master)
$ ls
bar.txt  foo.txt

Myroslav@HOME-PC MINGW64 /d/modul-git/bar (master)
$ cp ./foo.txt ./bar-2.txt

Myroslav@HOME-PC MINGW64 /d/modul-git/bar (master)
$ ls
bar-2.txt  bar.txt  foo.txt

Myroslav@HOME-PC MINGW64 /d/modul-git/bar (master)
$ mv foo.txt ../foo-3.txt

Myroslav@HOME-PC MINGW64 /d/modul-git/bar (master)
$ cd ..

Myroslav@HOME-PC MINGW64 /d/modul-git (master)
$ ls -a
./  ../  .git/  bar/  first-file.txt  foo-3.txt  foo.txt

Myroslav@HOME-PC MINGW64 /d/modul-git (master)
$ cat first-file.txt
Слава Україні!
Myroslav@HOME-PC MINGW64 /d/modul-git (master)
$ git status
On branch master
Untracked files:
  (use "git add <file>..." to include in what will be committed)
        bar/
        foo-3.txt
        foo.txt

nothing added to commit but untracked files present (use "git add" to track)

Myroslav@HOME-PC MINGW64 /d/modul-git (master)
$ ls
bar/  first-file.txt  foo-3.txt  foo.txt

Myroslav@HOME-PC MINGW64 /d/modul-git (master)
$ tree
bash: tree: command not found

Myroslav@HOME-PC MINGW64 /d/modul-git (master)
$ ls
bar/  first-file.txt  foo-3.txt  foo.txt

Myroslav@HOME-PC MINGW64 /d/modul-git (master)
$ git status
On branch master
Untracked files:
  (use "git add <file>..." to include in what will be committed)
        bar/
        foo-3.txt
        foo.txt

nothing added to commit but untracked files present (use "git add" to track)

Myroslav@HOME-PC MINGW64 /d/modul-git (master)
$ git add foo.txt

Myroslav@HOME-PC MINGW64 /d/modul-git (master)
$ git status
On branch master
Changes to be committed:
  (use "git restore --staged <file>..." to unstage)
        new file:   foo.txt

Untracked files:
  (use "git add <file>..." to include in what will be committed)
        bar/
        foo-3.txt


Myroslav@HOME-PC MINGW64 /d/modul-git (master)
$ ls -a
./  ../  .git/  bar/  first-file.txt  foo-3.txt  foo.txt

Myroslav@HOME-PC MINGW64 /d/modul-git (master)
$ git commit -m "second commit"
[master 463a71d] second commit
 1 file changed, 0 insertions(+), 0 deletions(-)
 create mode 100644 foo.txt

Myroslav@HOME-PC MINGW64 /d/modul-git (master)
$ git add .

Myroslav@HOME-PC MINGW64 /d/modul-git (master)
$ git status
On branch master
Changes to be committed:
  (use "git restore --staged <file>..." to unstage)
        new file:   bar/bar-2.txt
        new file:   bar/bar.txt
        new file:   foo-3.txt


Myroslav@HOME-PC MINGW64 /d/modul-git (master)
$ git restore --staged foo-3.txt

Myroslav@HOME-PC MINGW64 /d/modul-git (master)
$ git status
On branch master
Changes to be committed:
  (use "git restore --staged <file>..." to unstage)
        new file:   bar/bar-2.txt
        new file:   bar/bar.txt

Untracked files:
  (use "git add <file>..." to include in what will be committed)
        foo-3.txt


Myroslav@HOME-PC MINGW64 /d/modul-git (master)
$ git add .

Myroslav@HOME-PC MINGW64 /d/modul-git (master)
$ git status
On branch master
Changes to be committed:
  (use "git restore --staged <file>..." to unstage)
        new file:   bar/bar-2.txt
        new file:   bar/bar.txt
        new file:   foo-3.txt


Myroslav@HOME-PC MINGW64 /d/modul-git (master)
$ git commit -m "third commit"
[master 21df2d6] third commit
 3 files changed, 0 insertions(+), 0 deletions(-)
 create mode 100644 bar/bar-2.txt
 create mode 100644 bar/bar.txt
 create mode 100644 foo-3.txt

Myroslav@HOME-PC MINGW64 /d/modul-git (master)
$ git status
On branch master
nothing to commit, working tree clean

Myroslav@HOME-PC MINGW64 /d/modul-git (master)
$ git confic --list
git: 'confic' is not a git command. See 'git --help'.

The most similar command is
        config

Myroslav@HOME-PC MINGW64 /d/modul-git (master)
$ git config --list
diff.astextplain.textconv=astextplain
filter.lfs.clean=git-lfs clean -- %f
filter.lfs.smudge=git-lfs smudge -- %f
filter.lfs.process=git-lfs filter-process
filter.lfs.required=true
http.sslbackend=openssl
http.sslcainfo=C:/Program Files/Git/mingw64/ssl/certs/ca-bundle.crt
core.autocrlf=true
core.fscache=true
core.symlinks=false
pull.rebase=false
credential.helper=manager-core
credential.https://dev.azure.com.usehttppath=true
init.defaultbranch=master
user.email=miroslav9446@gmail.com
user.name=MiroslavLeshchuk
core.repositoryformatversion=0
core.filemode=false
core.bare=false
core.logallrefupdates=true
core.symlinks=false
core.ignorecase=true

Myroslav@HOME-PC MINGW64 /d/modul-git (master)
$ cd modul-git
bash: cd: modul-git: No such file or directory

Myroslav@HOME-PC MINGW64 /d/modul-git (master)
$ cd d/modul-git
bash: cd: d/modul-git: No such file or directory

Myroslav@HOME-PC MINGW64 /d/modul-git (master)
$ cd D:\modul-git

Myroslav@HOME-PC MINGW64 /d/modul-git (master)
$ ls
bar/  first-file.txt  foo-3.txt  foo.txt

Myroslav@HOME-PC MINGW64 /d/modul-git (master)
$ ls -a
./  ../  .git/  bar/  first-file.txt  foo-3.txt  foo.txt

Myroslav@HOME-PC MINGW64 /d/modul-git (master)
$ cd modul-git
bash: cd: modul-git: No such file or directory

Myroslav@HOME-PC MINGW64 /d/modul-git (master)
$ ls -a
./  ../  .git/  bar/  first-file.txt  foo-3.txt  foo.txt

Myroslav@HOME-PC MINGW64 /d/modul-git (master)
$ git log
commit f39a1cceabff9c1d94e1bbd6970c40d7f8bfb0f6 (HEAD -> master)
Author: MiroslavLeshchuk <miroslav9446@gmail.com>
Date:   Wed Apr 6 15:39:18 2022 +0300

    new 1

commit 71327038f9a1eb16f7823b4dba3818fe2d393b11
Author: MiroslavLeshchuk <miroslav9446@gmail.com>
Date:   Wed Apr 6 15:38:49 2022 +0300

    new

commit 21df2d65a243bb0a189f5c5b3dd28df0a7572fbb
Author: MiroslavLeshchuk <miroslav9446@gmail.com>
Date:   Wed Apr 6 14:53:32 2022 +0300

    third commit

commit 463a71dbaa93f407c3359b57e7b50d5021a65c83
Author: MiroslavLeshchuk <miroslav9446@gmail.com>
Date:   Wed Apr 6 14:43:48 2022 +0300

    second commit

Myroslav@HOME-PC MINGW64 /d/modul-git (master)
$ ls -a
./  ../  .git/  bar/  first-file.txt  foo-3.txt  foo.txt

Myroslav@HOME-PC MINGW64 /d/modul-git (master)
$ git clone https://github.com/MyroslavLeshchuk/fork-me.git
Cloning into 'fork-me'...
remote: Enumerating objects: 9, done.
remote: Counting objects: 100% (9/9), done.
remote: Compressing objects: 100% (5/5), done.
remote: Total 9 (delta 0), reused 2 (delta 0), pack-reused 0
Receiving objects: 100% (9/9), done.

Myroslav@HOME-PC MINGW64 /d/modul-git (master)
$ ls -a
./  ../  .git/  bar/  first-file.txt  foo-3.txt  foo.txt  fork-me/

Myroslav@HOME-PC MINGW64 /d/modul-git (master)
$ cd fork-me

Myroslav@HOME-PC MINGW64 /d/modul-git/fork-me (main)
$ vim

[1]+  Stopped                 vim

Myroslav@HOME-PC MINGW64 /d/modul-git/fork-me (main)
$ git status
On branch main
Your branch is up to date with 'origin/main'.

Changes not staged for commit:
  (use "git add <file>..." to update what will be committed)
  (use "git restore <file>..." to discard changes in working directory)
        modified:   expectations.md

no changes added to commit (use "git add" and/or "git commit -a")

Myroslav@HOME-PC MINGW64 /d/modul-git/fork-me (main)
$





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

https://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@github.com/MyroslavLeshchuk/css-html-module-hw.git

https://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@github.com/MyroslavLeshchuk/css-html-module-hw.git


<!DOCTYPE html>
<html lang="en">
<head>
    <meta charset="UTF-8">
    <title>Document</title>
    <style>
        img{
            width: 300px;
        }
    </style>
</head>
<body>
<h1>Лещук Мирослав Сергійович</h1>
<p>junior frontend developer</p>
<ul>
    <li> <a target="_blank" href="https://github.com/MyroslavLeshchuk">Github</a></li>
    <li> <a target="_blank" href="https://www.linkedin.com/in/%D0%BC%D0%B8%D1%80%D0%BE%D1%81%D0%BB%D0%B0%D0%B2-%D0%BB%D0%B5%D1%89%D1%83%D0%BA-32265211a/>Linkedin">Linkedin</a></li>
    <li> <a target="_blank" href="mail to:miroslav9446@gmail.com">Email</a></li>
    <li> <a target="_blank" href="tel:+380963730853">Телефон</a></li>
    <li> <a target="_blank" href="https://t.me/MyroslavLeshchuk">Telegram</a></li>
</ul>
<img src="https://scontent-waw1-1.xx.fbcdn.net/v/t1.6435-9/81949249_1020917864928122_5158946696834580480_n.jpg?_nc_cat=111&ccb=1-5&_nc_sid=09cbfe&_nc_ohc=xb4l8VBidN0AX_lW-JZ&_nc_ht=scontent-waw1-1.xx&oh=00_AT-3eAekd9UbFVXbfqqnG-kg3twn2Q32Czoir1pvx4vXBQ&oe=6274F1C8" alt="Зображення не знайдено">
<p>Я - Мирослав, мені 28, одружений. Проживаю у Львові.</p>
<p>Люблю подорожувати, грати волейбол, відпочивати в горах</p>
<p>Працюю інженером - геодезистом, маю чи малий досвід в будівництві</p>
<p>Досвіду в IT немає</p>
<p>Національний університет "Львівська Політехніка"</p>
<p>Спеціальність - геодезія</p>
<p>напрямок - інженерна геодезія </p>

    
</body>
</html>
